buf is:
1 0 0 -1 -1 0 1 1 0 0 
-1 0 0 0 1 0 0 0 0 0 
-1 1 0 0 -1 1 0 0 0 1 
1 -1 0 1 1 -1 0 0 -1 0 
1 -1 -1 0 -1 0 0 0 -1 -1 
-1 1 0 1 1 0 1 0 0 0 
0 -1 -1 0 0 1 0 0 0 1 
0 0 0 0 1 0 -1 0 0 0 
-1 -1 0 1 -1 0 1 0 0 1 
0 0 1 -1 0 -1 0 0 0 0 

x is 11, y is 10